Arguments: 
  C:\Program Files\nodejs\node.exe C:\Users\Austin\AppData\Roaming\npm\node_modules\yarn\bin\yarn.js

PATH: 
  c:\Users\Austin\.vscode\extensions\ms-python.python-2025.6.0-win32-x64\python_files\deactivate\powershell;C:\Dev\trackerly-backend\Scripts;C:\Program Files\NVIDIA GPU Computing Toolkit\CUDA\v12.4\bin;C:\Program Files\NVIDIA GPU Computing Toolkit\CUDA\v12.4\libnvvp;C:\Program Files\NVIDIA GPU Computing Toolkit\CUDA\v12.6\bin;C:\Program Files\NVIDIA GPU Computing Toolkit\CUDA\v12.6\libnvvp;c:\Users\Austin\AppData\Local\Programs\cursor\resources\app\bin;C:\Program Files\Common Files\Oracle\Java\javapath;C:\Program Files (x86)\Common Files\Oracle\Java\javapath;C:\Program Files\Microsoft\jdk-11.0.16.101-hotspot\bin;E:\Vulkan\Bin;C:\Program Files (x86)\Razer\ChromaBroadcast\bin;C:\Program Files\Razer\ChromaBroadcast\bin;C:\Program Files (x86)\Razer Chroma SDK\bin;C:\Program Files\Razer Chroma SDK\bin;C:\WINDOWS\system32;C:\WINDOWS;C:\WINDOWS\System32\Wbem;C:\WINDOWS\System32\WindowsPowerShell\v1.0\;C:\WINDOWS\System32\OpenSSH\;C:\Program Files\NVIDIA Corporation\NVIDIA NvDLISR;C:\Program Files\Git\cmd;C:\Program Files\Process Lasso\;C:\Users\Austin\AppData\Roaming\nvm;C:\Program Files\nodejs;C:\WINDOWS\system32\config\systemprofile\AppData\Local\Microsoft\WindowsApps;C:\Users\Austin\AppData\Local\Microsoft\WindowsApps;C:\Users\Austin\AppData\Roaming\npm;C:\Program Files\Microsoft SQL Server\150\Tools\Binn\;C:\Program Files\Microsoft SQL Server\Client SDK\ODBC\170\Tools\Binn\;C:\Program Files\dotnet;c:\Users\Austin\AppData\Local\Programs\cursor\resources\app\bin;C:\Program Files\NVIDIA Corporation\Nsight Compute 2024.1.0\;C:\Users\Austin\.local\bin;C:\Users\Austin\AppData\Local\Programs\Python\Launcher\;C:\Users\Austin\AppData\Local\Microsoft\WindowsApps;C:\Users\Austin\AppData\Local\Programs\Microsoft VS Code\bin;C:\Users\Austin\AppData\Roaming\npm;C:\Users\Austin\AppData\Roaming\nvm;C:\Program Files\nodejs;C:\Users\Austin\.dotnet\tools;C:\Program Files (x86)\Mikero\DePboTools\bin;C:\Users\Austin\AppData\Local\GitHubDesktop\bin;C:\Users\Austin\AppData\Local\Programs\Python\Python311;C:\Users\Austin\.dotnet\tools;C:\Program Files\Neovim\bin;C:\Users\Austin\.cache\lm-studio\bin;C:\Program Files\Docker\Docker\resources\bin;C:\Users\Austin\.bun\bin;C:\Users\Austin\.bun\bin;c:\Users\Austin\.vscode\extensions\ms-python.python-2025.6.0-win32-x64\python_files\deactivate\powershell;C:\Dev\trackerly-backend\Scripts;C:\Program Files\NVIDIA GPU Computing Toolkit\CUDA\v12.4\bin;C:\Program Files\NVIDIA GPU Computing Toolkit\CUDA\v12.4\libnvvp;C:\Program Files\NVIDIA GPU Computing Toolkit\CUDA\v12.6\bin;C:\Program Files\NVIDIA GPU Computing Toolkit\CUDA\v12.6\libnvvp;c:\Users\Austin\AppData\Local\Programs\cursor\resources\app\bin;C:\Program Files\Common Files\Oracle\Java\javapath;C:\Program Files (x86)\Common Files\Oracle\Java\javapath;C:\Program Files\Microsoft\jdk-11.0.16.101-hotspot\bin;E:\Vulkan\Bin;C:\Program Files (x86)\Razer\ChromaBroadcast\bin;C:\Program Files\Razer\ChromaBroadcast\bin;C:\Program Files (x86)\Razer Chroma SDK\bin;C:\Program Files\Razer Chroma SDK\bin;C:\WINDOWS\system32;C:\WINDOWS;C:\WINDOWS\System32\Wbem;C:\WINDOWS\System32\WindowsPowerShell\v1.0\;C:\WINDOWS\System32\OpenSSH\;C:\Program Files\NVIDIA Corporation\NVIDIA NvDLISR;C:\Program Files\Git\cmd;C:\Program Files\Process Lasso\;C:\Users\Austin\AppData\Roaming\nvm;C:\Program Files\nodejs;C:\WINDOWS\system32\config\systemprofile\AppData\Local\Microsoft\WindowsApps;C:\Users\Austin\AppData\Local\Microsoft\WindowsApps;C:\Users\Austin\AppData\Roaming\npm;C:\Program Files\Microsoft SQL Server\150\Tools\Binn\;C:\Program Files\Microsoft SQL Server\Client SDK\ODBC\170\Tools\Binn\;C:\Program Files\dotnet;c:\Users\Austin\AppData\Local\Programs\cursor\resources\app\bin;C:\Program Files\NVIDIA Corporation\Nsight Compute 2024.1.0\;C:\Users\Austin\.local\bin;C:\Users\Austin\AppData\Local\Programs\Python\Launcher\;C:\Users\Austin\AppData\Local\Microsoft\WindowsApps;C:\Users\Austin\AppData\Local\Programs\Microsoft VS Code\bin;C:\Users\Austin\AppData\Roaming\npm;C:\Users\Austin\AppData\Roaming\nvm;C:\Program Files\nodejs;C:\Users\Austin\.dotnet\tools;C:\Program Files (x86)\Mikero\DePboTools\bin;C:\Users\Austin\AppData\Local\GitHubDesktop\bin;C:\Users\Austin\AppData\Local\Programs\Python\Python311;C:\Users\Austin\.dotnet\tools;C:\Program Files\Neovim\bin;C:\Users\Austin\.cache\lm-studio\bin;C:\Program Files\Docker\Docker\resources\bin;C:\Users\Austin\.bun\bin;C:\Users\Austin\.bun\bin;C:\Program Files\NVIDIA GPU Computing Toolkit\CUDA\v12.4\bin;C:\Program Files\NVIDIA GPU Computing Toolkit\CUDA\v12.4\libnvvp;C:\Program Files\NVIDIA GPU Computing Toolkit\CUDA\v12.6\bin;C:\Program Files\NVIDIA GPU Computing Toolkit\CUDA\v12.6\libnvvp;c:\Users\Austin\AppData\Local\Programs\cursor\resources\app\bin;C:\Program Files\Common Files\Oracle\Java\javapath;C:\Program Files (x86)\Common Files\Oracle\Java\javapath;C:\Program Files\Microsoft\jdk-11.0.16.101-hotspot\bin;E:\Vulkan\Bin;C:\Program Files (x86)\Razer\ChromaBroadcast\bin;C:\Program Files\Razer\ChromaBroadcast\bin;C:\Program Files (x86)\Razer Chroma SDK\bin;C:\Program Files\Razer Chroma SDK\bin;C:\WINDOWS\system32;C:\WINDOWS;C:\WINDOWS\System32\Wbem;C:\WINDOWS\System32\WindowsPowerShell\v1.0\;C:\WINDOWS\System32\OpenSSH\;C:\Program Files\Git\cmd;C:\Program Files\Process Lasso\;C:\Users\Austin\AppData\Roaming\nvm;C:\Program Files\nodejs;C:\WINDOWS\system32\config\systemprofile\AppData\Local\Microsoft\WindowsApps;C:\Users\Austin\AppData\Local\Microsoft\WindowsApps;C:\Users\Austin\AppData\Roaming\npm;C:\Program Files\Microsoft SQL Server\150\Tools\Binn\;C:\Program Files\dotnet;c:\Users\Austin\AppData\Local\Programs\cursor\resources\app\bin;C:\Program Files\NVIDIA Corporation\Nsight Compute 2024.1.0\;C:\Program Files\Microsoft SQL Server\Client SDK\ODBC\170\Tools\Binn\;C:\Program Files\dotnet\;C:\Program Files (x86)\Windows Kits\10\Windows Performance Toolkit\;C:\Program Files\NVIDIA Corporation\NVIDIA App\NvDLISR;C:\Users\Austin\AppData\Local\pnpm;C:\Users\Austin\.local\bin;C:\Users\Austin\AppData\Local\Programs\Python\Launcher\;C:\Users\Austin\AppData\Local\Microsoft\WindowsApps;C:\Users\Austin\AppData\Local\Programs\Microsoft VS Code\bin;C:\Users\Austin\AppData\Roaming\npm;C:\Users\Austin\AppData\Roaming\nvm;C:\Program Files\nodejs;C:\Users\Austin\.dotnet\tools;C:\Program Files (x86)\Mikero\DePboTools\bin;C:\Users\Austin\AppData\Local\GitHubDesktop\bin;C:\Users\Austin\.dotnet\tools;C:\Program Files\Neovim\bin;C:\Users\Austin\.cache\lm-studio\bin;C:\Program Files\Docker\Docker\resources\bin;C:\Users\Austin\.bun\bin;C:\Users\Austin\.dotnet\tools;C:\Users\Austin\AppData\Local\Programs\Python\Python313;C:\Users\Austin\AppData\Local\Programs\Python\Python313\Scripts;C:\Users\Austin\AppData\Local\Programs\Antigravity\bin;C:\Users\Austin\.bun\bin

Yarn version: 
  1.22.19

Node version: 
  22.13.0

Platform: 
  win32 x64

Trace: 
  Error: EPERM: operation not permitted, unlink 'C:\Dev\homemade-from-haleys-heart\node_modules\@unrs\resolver-binding-win32-x64-msvc\resolver.win32-x64-msvc.node'

npm manifest: 
  {
    "name": "my-app",
    "private": true,
    "type": "module",
    "scripts": {
      "dev": "vite --port 3000",
      "server": "node server/index.mjs",
      "build": "vite build && tsc",
      "serve": "vite preview",
      "test": "vitest run",
      "lint": "eslint",
      "format": "prettier",
      "check": "prettier --write . && eslint --fix"
    },
    "dependencies": {
      "@stripe/stripe-js": "^8.2.0",
      "@tailwindcss/vite": "^4.0.6",
      "@tanstack/react-devtools": "^0.7.0",
      "@tanstack/react-router": "^1.132.0",
      "@tanstack/react-router-devtools": "^1.132.0",
      "@tanstack/router-plugin": "^1.132.0",
      "cors": "^2.8.5",
      "dotenv": "^17.2.3",
      "express": "^5.1.0",
      "lucide-react": "^0.545.0",
      "react": "^19.2.0",
      "react-dom": "^19.2.0",
      "stripe": "^19.1.0",
      "tailwindcss": "^4.0.6"
    },
    "devDependencies": {
      "@tanstack/eslint-config": "^0.3.0",
      "@testing-library/dom": "^10.4.0",
      "@testing-library/react": "^16.2.0",
      "@types/node": "^22.10.2",
      "@types/react": "^19.2.0",
      "@types/react-dom": "^19.2.0",
      "@vitejs/plugin-react": "^5.0.4",
      "jsdom": "^27.0.0",
      "prettier": "^3.5.3",
      "typescript": "^5.7.2",
      "vite": "^7.1.7",
      "vitest": "^3.0.5",
      "web-vitals": "^5.1.0"
    },
    "packageManager": "yarn@1.22.22+sha1.ac34549e6aa8e7ead463a7407e1c7390f61a6610"
  }

yarn manifest: 
  No manifest

Lockfile: 
  No lockfile
